../test_wav/0.wav
../test_wav/1.wav
../test_wav/10.wav
../test_wav/100.wav
../test_wav/101.wav
../test_wav/102.wav
../test_wav/103.wav
../test_wav/104.wav
../test_wav/105.wav
../test_wav/106.wav
../test_wav/107.wav
../test_wav/108.wav
../test_wav/109.wav
../test_wav/11.wav
../test_wav/110.wav
../test_wav/111.wav
../test_wav/112.wav
../test_wav/113.wav
../test_wav/114.wav
../test_wav/115.wav
../test_wav/116.wav
../test_wav/117.wav
../test_wav/118.wav
../test_wav/119.wav
../test_wav/12.wav
../test_wav/120.wav
../test_wav/121.wav
../test_wav/122.wav
../test_wav/123.wav
../test_wav/124.wav
../test_wav/125.wav
../test_wav/126.wav
../test_wav/127.wav
../test_wav/128.wav
../test_wav/129.wav
../test_wav/13.wav
../test_wav/130.wav
../test_wav/131.wav
../test_wav/132.wav
../test_wav/133.wav
../test_wav/134.wav
../test_wav/135.wav
../test_wav/136.wav
../test_wav/137.wav
../test_wav/138.wav
../test_wav/139.wav
../test_wav/14.wav
../test_wav/140.wav
../test_wav/141.wav
../test_wav/142.wav
../test_wav/143.wav
../test_wav/144.wav
../test_wav/145.wav
../test_wav/146.wav
../test_wav/147.wav
../test_wav/148.wav
../test_wav/149.wav
../test_wav/15.wav
../test_wav/16.wav
../test_wav/17.wav
../test_wav/18.wav
../test_wav/19.wav
../test_wav/2.wav
../test_wav/20.wav
../test_wav/21.wav
../test_wav/22.wav
../test_wav/23.wav
../test_wav/24.wav
../test_wav/25.wav
../test_wav/26.wav
../test_wav/27.wav
../test_wav/28.wav
../test_wav/29.wav
../test_wav/3.wav
../test_wav/30.wav
../test_wav/31.wav
../test_wav/32.wav
../test_wav/33.wav
../test_wav/34.wav
../test_wav/35.wav
../test_wav/36.wav
../test_wav/37.wav
../test_wav/38.wav
../test_wav/39.wav
../test_wav/4.wav
../test_wav/40.wav
../test_wav/41.wav
../test_wav/42.wav
../test_wav/43.wav
../test_wav/44.wav
../test_wav/45.wav
../test_wav/46.wav
../test_wav/47.wav
../test_wav/48.wav
../test_wav/49.wav
../test_wav/5.wav
../test_wav/50.wav
../test_wav/51.wav
../test_wav/52.wav
../test_wav/53.wav
../test_wav/54.wav
../test_wav/55.wav
../test_wav/56.wav
../test_wav/57.wav
../test_wav/58.wav
../test_wav/59.wav
../test_wav/6.wav
../test_wav/60.wav
../test_wav/61.wav
../test_wav/62.wav
../test_wav/63.wav
../test_wav/64.wav
../test_wav/65.wav
../test_wav/66.wav
../test_wav/67.wav
../test_wav/68.wav
../test_wav/69.wav
../test_wav/7.wav
../test_wav/70.wav
../test_wav/71.wav
../test_wav/72.wav
../test_wav/73.wav
../test_wav/74.wav
../test_wav/75.wav
../test_wav/76.wav
../test_wav/77.wav
../test_wav/78.wav
../test_wav/79.wav
../test_wav/8.wav
../test_wav/80.wav
../test_wav/81.wav
../test_wav/82.wav
../test_wav/83.wav
../test_wav/84.wav
../test_wav/85.wav
../test_wav/86.wav
../test_wav/87.wav
../test_wav/88.wav
../test_wav/89.wav
../test_wav/9.wav
../test_wav/90.wav
../test_wav/91.wav
../test_wav/92.wav
../test_wav/93.wav
../test_wav/94.wav
../test_wav/95.wav
../test_wav/96.wav
../test_wav/97.wav
../test_wav/98.wav
../test_wav/99.wav
